// Jest Snapshot v1, https://goo.gl/fbAQLP

exports[`Test: Root Component matches snapshot 1`] = `
<p>
  This is the root method
</p>
`;
